Move u: OK (P1)
Move e: ERROR (P1)
Move n: OK (P1)
Move d: ERROR (P1)
Move w: OK (P1)
Move u: ERROR (P1)
Move s: OK (P1)
Move e: OK (P1)
Move u: ERROR (P1)
Move w: ERROR (P1)
Move s: ERROR (P1)
Move d: OK (P1)
Move e: OK (P1)
Take bomb: ERROR (P1)
Move s: ERROR (P1)
Move u: ERROR (P1)
Move u: ERROR (P1)
Move u: ERROR (P1)
Move u: ERROR (P1)
Exit: OK (P1)
