Attack guide: OK (P1)
Attack guide: OK (P1)
Attack guide: OK (P1)
Attack guide: OK (P1)
Attack guide: OK (P1)
Attack guide: OK (P1)
Take key: OK (P1)
Move up: OK (P1)
Move north: OK (P1)
Recruit josemi: OK (P1)
Move west: OK (P1)
Recruit inaki: OK (P1)
Take sword: OK (P1)
Take shield: OK (P1)
Use shield: OK (P1)
Use sword: OK (P1)
Move south: OK (P1)
Take bone: OK (P1)
Move east: OK (P1)
Take skull: OK (P1)
Use skull: OK (P1)
Open door: OK (P1)
Move west: OK (P1)
Attack batman: OK (P1)
Attack batman: OK (P1)
Attack batman: OK (P1)
Attack batman: OK (P1)
Attack batman: OK (P1)
Attack batman: OK (P1)
Attack batman: OK (P1)
Attack batman: OK (P1)
Attack batman: OK (P1)
Attack batman: OK (P1)
Attack batman: OK (P1)
Attack batman: OK (P1)
Take crown: OK (P1)
Move up: OK (P1)
Move south: OK (P1)
Move east: OK (P1)
Move south: OK (P1)
Move up: OK (P1)
